// Jest Snapshot v1, https://goo.gl/fbAQLP

exports[`Pages Hero Component should match snapshot 1`] = `ShallowWrapper {}`;
