// Jest Snapshot v1, https://goo.gl/fbAQLP

exports[`Pages Home Component should match snapshot 1`] = `ReactWrapper {}`;
