// Jest Snapshot v1, https://goo.gl/fbAQLP

exports[`Pages Index should match snapshot 1`] = `ReactWrapper {}`;
