// Jest Snapshot v1, https://goo.gl/fbAQLP

exports[`Pages Members should match snapshot 1`] = `ReactWrapper {}`;
