// Jest Snapshot v1, https://goo.gl/fbAQLP

exports[`Pages Team should match snapshot 1`] = `ReactWrapper {}`;
